// Jest Snapshot v1, https://goo.gl/fbAQLP

exports[`GistHeader renders Gistheader correctly 1`] = `
Object {
  "asFragment": [Function],
  "baseElement": <body>
    <div>
      <div
        class="sc-eqUAAy haWCne"
      >
        <a
          class="sc-fqkvVR gFoZWS"
          href="https://avatars.githubusercontent.com/u/6588325?v=4"
        >
          <img
            class="sc-iGgWBj eELUQN"
            src="https://avatars.githubusercontent.com/u/6588325?v=4"
          />
          <div
            class="sc-dcJsrY gqanGQ"
          >
            danbahrami
          </div>
        </a>
        <div
          class="sc-gsFSXq hNDJdp"
        >
          <a
            class="sc-aXZVg fUzSPB"
            href="https://avatars.githubusercontent.com/u/6588325?v=4"
          >
            <span
              class="octicon octicon-code"
            />
            <div
              class="sc-gEvEer hydGKF"
            >
              1 files
            </div>
          </a>
          <a
            class="sc-aXZVg fUzSPB"
            href="https://avatars.githubusercontent.com/u/6588325?v=4"
          >
            <span
              class="octicon octicon-repo-forked"
            />
            <div
              class="sc-gEvEer hydGKF"
            >
              Fork
            </div>
          </a>
          <a
            class="sc-aXZVg fUzSPB"
            href="https://avatars.githubusercontent.com/u/6588325?v=4"
          >
            <span
              class="octicon octicon-comment"
            />
            <div
              class="sc-gEvEer hydGKF"
            >
              Comment
            </div>
          </a>
          <a
            class="sc-aXZVg fUzSPB"
            href="https://avatars.githubusercontent.com/u/6588325?v=4"
          >
            <span
              class="octicon octicon-repo-pull"
            />
            <div
              class="sc-gEvEer hydGKF"
            >
              Pull
            </div>
          </a>
        </div>
      </div>
    </div>
  </body>,
  "container": <div>
    <div
      class="sc-eqUAAy haWCne"
    >
      <a
        class="sc-fqkvVR gFoZWS"
        href="https://avatars.githubusercontent.com/u/6588325?v=4"
      >
        <img
          class="sc-iGgWBj eELUQN"
          src="https://avatars.githubusercontent.com/u/6588325?v=4"
        />
        <div
          class="sc-dcJsrY gqanGQ"
        >
          danbahrami
        </div>
      </a>
      <div
        class="sc-gsFSXq hNDJdp"
      >
        <a
          class="sc-aXZVg fUzSPB"
          href="https://avatars.githubusercontent.com/u/6588325?v=4"
        >
          <span
            class="octicon octicon-code"
          />
          <div
            class="sc-gEvEer hydGKF"
          >
            1 files
          </div>
        </a>
        <a
          class="sc-aXZVg fUzSPB"
          href="https://avatars.githubusercontent.com/u/6588325?v=4"
        >
          <span
            class="octicon octicon-repo-forked"
          />
          <div
            class="sc-gEvEer hydGKF"
          >
            Fork
          </div>
        </a>
        <a
          class="sc-aXZVg fUzSPB"
          href="https://avatars.githubusercontent.com/u/6588325?v=4"
        >
          <span
            class="octicon octicon-comment"
          />
          <div
            class="sc-gEvEer hydGKF"
          >
            Comment
          </div>
        </a>
        <a
          class="sc-aXZVg fUzSPB"
          href="https://avatars.githubusercontent.com/u/6588325?v=4"
        >
          <span
            class="octicon octicon-repo-pull"
          />
          <div
            class="sc-gEvEer hydGKF"
          >
            Pull
          </div>
        </a>
      </div>
    </div>
  </div>,
  "debug": [Function],
  "findAllByAltText": [Function],
  "findAllByDisplayValue": [Function],
  "findAllByLabelText": [Function],
  "findAllByPlaceholderText": [Function],
  "findAllByRole": [Function],
  "findAllByTestId": [Function],
  "findAllByText": [Function],
  "findAllByTitle": [Function],
  "findByAltText": [Function],
  "findByDisplayValue": [Function],
  "findByLabelText": [Function],
  "findByPlaceholderText": [Function],
  "findByRole": [Function],
  "findByTestId": [Function],
  "findByText": [Function],
  "findByTitle": [Function],
  "getAllByAltText": [Function],
  "getAllByDisplayValue": [Function],
  "getAllByLabelText": [Function],
  "getAllByPlaceholderText": [Function],
  "getAllByRole": [Function],
  "getAllByTestId": [Function],
  "getAllByText": [Function],
  "getAllByTitle": [Function],
  "getByAltText": [Function],
  "getByDisplayValue": [Function],
  "getByLabelText": [Function],
  "getByPlaceholderText": [Function],
  "getByRole": [Function],
  "getByTestId": [Function],
  "getByText": [Function],
  "getByTitle": [Function],
  "queryAllByAltText": [Function],
  "queryAllByDisplayValue": [Function],
  "queryAllByLabelText": [Function],
  "queryAllByPlaceholderText": [Function],
  "queryAllByRole": [Function],
  "queryAllByTestId": [Function],
  "queryAllByText": [Function],
  "queryAllByTitle": [Function],
  "queryByAltText": [Function],
  "queryByDisplayValue": [Function],
  "queryByLabelText": [Function],
  "queryByPlaceholderText": [Function],
  "queryByRole": [Function],
  "queryByTestId": [Function],
  "queryByText": [Function],
  "queryByTitle": [Function],
  "rerender": [Function],
  "unmount": [Function],
}
`;
